// Jest Snapshot v1, https://goo.gl/fbAQLP

exports[`OfferId component test cases OfferId components snapshot 1`] = `
<div
  class="ant-space ant-space-horizontal ant-space-align-center"
>
  <div
    class="ant-space-item"
  >
    <input
      class="ant-input"
      data-testid="settings-offer-id"
      maxlength="24"
      placeholder="Enter name"
      type="text"
      value=""
    />
  </div>
</div>
`;
